# OSU MPI Bandwidth Test v5.8
# Size      Bandwidth (MB/s)
1                       3.45
2                       6.98
4                      13.10
8                      27.96
16                     56.35
32                    113.46
64                    207.43
128                   300.68
256                   565.81
512                  1074.84
1024                 1794.73
2048                 2707.87
4096                 2930.33
8192                 3129.22
16384                3207.32
32768                3244.65
65536                3266.34
131072               3279.80
262144               3287.89
524288               3294.04
1048576              3295.97
2097152              3395.54
4194304              3396.27
# OSU MPI Bandwidth Test v5.8
# Size      Bandwidth (MB/s)
1                       3.42
2                       6.30
4                      13.81
8                      27.77
16                     54.60
32                    111.45
64                    198.26
128                   286.16
256                   560.47
512                  1071.72
1024                 1787.85
2048                 2687.87
4096                 2929.48
8192                 3126.48
16384                3200.65
32768                3246.51
65536                3268.46
131072               3280.86
262144               3287.84
524288               3295.08
1048576              3296.38
2097152              3395.09
4194304              3396.30
# OSU MPI Bandwidth Test v5.8
# Size      Bandwidth (MB/s)
1                       3.43
2                       6.78
4                      13.95
8                      27.99
16                     56.25
32                    113.40
64                    207.57
128                   302.19
256                   561.45
512                  1085.18
1024                 1806.74
2048                 2702.84
4096                 2951.03
8192                 3129.78
16384                3205.34
32768                3245.20
65536                3267.76
131072               3274.52
262144               3285.69
524288               3294.50
1048576              3296.35
2097152              3395.48
4194304              3396.30
# OSU MPI Bandwidth Test v5.8
# Size      Bandwidth (MB/s)
1                       3.44
2                       6.91
4                      14.02
8                      27.98
16                     56.58
32                    112.75
64                    208.97
128                   302.84
256                   565.97
512                  1077.50
1024                 1776.48
2048                 2712.15
4096                 2946.91
8192                 3132.28
16384                3198.30
32768                3243.96
65536                3265.30
131072               3273.24
262144               3285.21
524288               3294.14
1048576              3295.94
2097152              3395.48
4194304              3396.30
# OSU MPI Bandwidth Test v5.8
# Size      Bandwidth (MB/s)
1                       3.45
2                       7.01
4                      14.03
8                      27.16
16                     55.63
32                    113.95
64                    208.07
128                   301.93
256                   567.17
512                  1082.43
1024                 1785.28
2048                 2708.28
4096                 2939.56
8192                 3128.03
16384                3208.69
32768                3245.29
65536                3268.82
131072               3283.15
262144               3287.54
524288               3294.93
1048576              3296.23
2097152              3395.60
4194304              3396.41
# OSU MPI Bandwidth Test v5.8
# Size      Bandwidth (MB/s)
1                       3.41
2                       6.88
4                      13.92
8                      27.65
16                     55.98
32                    112.12
64                    207.56
128                   301.51
256                   565.11
512                  1083.12
1024                 1803.38
2048                 2708.36
4096                 2945.58
8192                 3129.68
16384                3207.73
32768                3246.65
65536                3268.32
131072               3282.77
262144               3287.86
524288               3294.34
1048576              3294.99
2097152              3395.53
4194304              3396.35
# OSU MPI Bandwidth Test v5.8
# Size      Bandwidth (MB/s)
1                       3.41
2                       6.89
4                      13.71
8                      27.40
16                     54.73
32                    112.03
64                    206.26
128                   303.21
256                   565.04
512                  1085.07
1024                 1803.11
2048                 2705.47
4096                 2939.29
8192                 3129.21
16384                3203.96
32768                3245.61
65536                3269.87
131072               3282.33
262144               3287.56
524288               3294.84
1048576              3296.20
2097152              3395.47
4194304              3396.27
# OSU MPI Bandwidth Test v5.8
# Size      Bandwidth (MB/s)
1                       3.43
2                       6.95
4                      13.96
8                      27.74
16                     56.37
32                    112.87
64                    207.90
128                   300.09
256                   565.98
512                  1080.51
1024                 1800.61
2048                 2708.59
4096                 2921.36
8192                 3131.20
16384                3199.08
32768                3232.31
65536                3270.14
131072               3283.17
262144               3287.93
524288               3294.79
1048576              3294.86
2097152              3395.58
4194304              3396.28
# OSU MPI Bandwidth Test v5.8
# Size      Bandwidth (MB/s)
1                       3.43
2                       6.93
4                      13.96
8                      27.89
16                     56.22
32                    113.16
64                    207.79
128                   299.43
256                   565.67
512                  1082.36
1024                 1806.78
2048                 2710.93
4096                 2950.98
8192                 3130.89
16384                3204.51
32768                3244.50
65536                3268.96
131072               3282.20
262144               3288.27
524288               3294.67
1048576              3295.76
2097152              3395.55
4194304              3396.37
# OSU MPI Bandwidth Test v5.8
# Size      Bandwidth (MB/s)
1                       3.40
2                       6.87
4                      13.97
8                      27.91
16                     55.85
32                    113.20
64                    207.30
128                   302.26
256                   563.91
512                  1085.14
1024                 1799.12
2048                 2702.11
4096                 2944.38
8192                 3128.42
16384                3207.59
32768                3245.76
65536                3268.30
131072               3282.44
262144               3286.81
524288               3293.56
1048576              3294.35
2097152              3395.50
4194304              3396.35
