# OSU MPI Bandwidth Test v5.8
# Size      Bandwidth (MB/s)
1                       9.48
2                      18.79
4                      37.29
8                      75.23
16                    153.97
32                    294.32
64                    583.10
128                   741.27
256                  1352.05
512                  2409.49
1024                 3821.50
2048                 5918.64
4096                 8207.53
8192                10572.39
16384                6286.03
32768                8993.88
65536               11353.91
131072              12292.92
262144              11145.57
524288              11111.67
1048576             11323.66
2097152             11839.28
4194304             11664.50
# OSU MPI Bandwidth Test v5.8
# Size      Bandwidth (MB/s)
1                       9.67
2                      18.39
4                      36.98
8                      72.37
16                    142.93
32                    294.07
64                    583.10
128                   741.36
256                  1374.46
512                  2411.30
1024                 3914.42
2048                 6170.96
4096                 8505.54
8192                10458.46
16384                6502.35
32768                9200.88
65536               11507.71
131072              12192.22
262144              11210.27
524288              11065.31
1048576             11447.74
2097152             11714.08
4194304             11231.04
# OSU MPI Bandwidth Test v5.8
# Size      Bandwidth (MB/s)
1                       9.54
2                      18.55
4                      36.22
8                      75.85
16                    153.38
32                    293.35
64                    590.45
128                   748.60
256                  1362.62
512                  2394.44
1024                 3820.69
2048                 5904.17
4096                 8378.92
8192                10432.47
16384                6627.95
32768                9174.50
65536               11558.06
131072              12203.88
262144              11058.26
524288              11028.06
1048576             11351.67
2097152             11641.70
4194304             10682.04
# OSU MPI Bandwidth Test v5.8
# Size      Bandwidth (MB/s)
1                       9.45
2                      19.27
4                      38.32
8                      75.47
16                    154.02
32                    298.78
64                    612.16
128                   745.81
256                  1386.47
512                  2429.30
1024                 3918.22
2048                 6038.12
4096                 8363.05
8192                10690.67
16384                6683.70
32768                9377.25
65536               11753.59
131072              12844.96
262144              11406.83
524288              11212.53
1048576             11539.47
2097152             11631.65
4194304             11626.72
# OSU MPI Bandwidth Test v5.8
# Size      Bandwidth (MB/s)
1                       9.31
2                      17.92
4                      37.23
8                      73.29
16                    151.27
32                    277.04
64                    580.49
128                   745.55
256                  1351.92
512                  2386.09
1024                 3766.91
2048                 6025.04
4096                 7960.15
8192                 9658.36
16384                6214.45
32768                8622.66
65536               11177.63
131072              11836.30
262144              10803.62
524288              10775.21
1048576             11139.12
2097152             11376.70
4194304             11094.19
# OSU MPI Bandwidth Test v5.8
# Size      Bandwidth (MB/s)
1                       9.39
2                      18.89
4                      38.62
8                      74.69
16                    147.86
32                    292.48
64                    610.36
128                   735.52
256                  1372.58
512                  2390.12
1024                 3653.71
2048                 6033.86
4096                 8509.43
8192                10362.59
16384                6484.50
32768                9148.95
65536               11423.30
131072              12338.83
262144              11117.03
524288              11088.71
1048576             11431.49
2097152             11716.42
4194304             10851.69
# OSU MPI Bandwidth Test v5.8
# Size      Bandwidth (MB/s)
1                       9.17
2                      17.53
4                      37.06
8                      75.14
16                    143.80
32                    279.69
64                    583.64
128                   724.60
256                  1365.35
512                  2385.82
1024                 3874.30
2048                 6037.79
4096                 8386.72
8192                10379.20
16384                6341.45
32768                9079.22
65536               11382.27
131072              12407.06
262144              10993.33
524288              11164.65
1048576             11579.95
2097152             11792.77
4194304             11506.50
# OSU MPI Bandwidth Test v5.8
# Size      Bandwidth (MB/s)
1                       9.68
2                      18.43
4                      37.43
8                      75.18
16                    154.37
32                    295.76
64                    592.60
128                   746.89
256                  1350.46
512                  2423.15
1024                 3851.97
2048                 6100.54
4096                 8541.54
8192                10603.78
16384                6452.90
32768                9190.58
65536               11551.49
131072              12221.39
262144              11105.40
524288              11192.69
1048576             11513.54
2097152             11664.18
4194304             11553.76
# OSU MPI Bandwidth Test v5.8
# Size      Bandwidth (MB/s)
1                       9.77
2                      18.84
4                      36.63
8                      77.28
16                    152.53
32                    291.88
64                    605.30
128                   749.86
256                  1373.18
512                  2435.60
1024                 3952.30
2048                 6135.39
4096                 8560.17
8192                10541.13
16384                6751.70
32768                9449.95
65536               11647.43
131072              12377.68
262144              11055.07
524288              11051.27
1048576             11364.44
2097152             11697.34
4194304             11368.40
# OSU MPI Bandwidth Test v5.8
# Size      Bandwidth (MB/s)
1                       9.65
2                      18.44
4                      37.56
8                      77.35
16                    150.88
32                    281.43
64                    599.19
128                   737.88
256                  1380.55
512                  2333.86
1024                 3910.45
2048                 6058.20
4096                 8531.28
8192                10631.49
16384                6721.07
32768                9375.80
65536               11767.39
131072              12936.13
262144              11528.27
524288              11429.76
1048576             11757.60
2097152             11819.63
4194304             11818.71
