# OSU MPI Bandwidth Test v5.8
# Size      Bandwidth (MB/s)
1                       8.67
2                      17.45
4                      36.65
8                      73.00
16                    144.88
32                    261.91
64                    547.17
128                   417.21
256                   773.55
512                  1407.36
1024                 2133.68
2048                 3258.82
4096                 4759.04
8192                 5841.33
16384                6283.70
32768                8861.29
65536               11392.94
131072              11862.83
262144              11340.12
524288              11299.66
1048576             11702.88
2097152             11784.05
4194304             11829.35
# OSU MPI Bandwidth Test v5.8
# Size      Bandwidth (MB/s)
1                       8.91
2                      17.55
4                      36.15
8                      72.78
16                    145.37
32                    263.62
64                    568.28
128                   413.21
256                   781.57
512                  1432.53
1024                 2113.92
2048                 3240.64
4096                 4727.39
8192                 5868.48
16384                6331.87
32768                9103.48
65536               11561.60
131072              10464.07
262144               8893.43
524288              11042.86
1048576             11568.72
2097152             11874.58
4194304             11130.66
# OSU MPI Bandwidth Test v5.8
# Size      Bandwidth (MB/s)
1                       9.09
2                      18.00
4                      35.21
8                      71.68
16                    146.19
32                    267.42
64                    542.60
128                   401.53
256                   780.85
512                  1438.49
1024                 2141.59
2048                 3248.24
4096                 4742.85
8192                 5855.54
16384                6221.93
32768                8986.38
65536               11276.29
131072              11891.46
262144              11249.88
524288              11219.02
1048576             11683.86
2097152             11911.69
4194304             11196.24
# OSU MPI Bandwidth Test v5.8
# Size      Bandwidth (MB/s)
1                       8.53
2                      17.41
4                      35.02
8                      69.80
16                    142.81
32                    257.80
64                    544.97
128                   410.93
256                   755.42
512                  1431.21
1024                 2138.38
2048                 3256.89
4096                 4737.45
8192                 5815.66
16384                6309.80
32768                8845.30
65536               11329.73
131072              12217.32
262144              11204.47
524288              11042.38
1048576             11435.11
2097152             11695.25
4194304             11102.90
# OSU MPI Bandwidth Test v5.8
# Size      Bandwidth (MB/s)
1                       8.94
2                      18.02
4                      35.16
8                      72.03
16                    144.78
32                    249.63
64                    521.49
128                   413.66
256                   787.07
512                  1409.36
1024                 2141.91
2048                 3256.38
4096                 4671.39
8192                 5815.56
16384                6300.58
32768                8984.52
65536               11493.27
131072              12176.46
262144              11384.13
524288              11211.99
1048576             11557.34
2097152             11839.76
4194304             11781.74
# OSU MPI Bandwidth Test v5.8
# Size      Bandwidth (MB/s)
1                       8.96
2                      18.01
4                      36.07
8                      71.80
16                    145.24
32                    261.02
64                    554.07
128                   417.51
256                   770.70
512                  1448.69
1024                 2105.48
2048                 3258.79
4096                 4756.16
8192                 5858.81
16384                6505.48
32768                8847.43
65536               11343.78
131072              11778.10
262144              11178.41
524288              11290.86
1048576             11736.53
2097152             11954.68
4194304             11893.77
# OSU MPI Bandwidth Test v5.8
# Size      Bandwidth (MB/s)
1                       8.83
2                      17.96
4                      36.22
8                      71.77
16                    144.14
32                    260.86
64                    551.36
128                   415.76
256                   778.99
512                  1410.17
1024                 2144.90
2048                 3236.83
4096                 4700.86
8192                 5812.17
16384                6506.56
32768                9252.40
65536               11574.84
131072              11951.67
262144              11302.76
524288              11180.54
1048576             11513.82
2097152             11817.38
4194304             10302.78
# OSU MPI Bandwidth Test v5.8
# Size      Bandwidth (MB/s)
1                       8.80
2                      17.78
4                      35.39
8                      69.57
16                    139.98
32                    256.20
64                    548.79
128                   413.65
256                   767.06
512                  1421.27
1024                 2144.67
2048                 3236.08
4096                 4743.74
8192                 5834.16
16384                6377.25
32768                9073.10
65536               11506.80
131072              12278.58
262144              11324.50
524288              11223.18
1048576             11631.73
2097152             11907.67
4194304             11038.60
# OSU MPI Bandwidth Test v5.8
# Size      Bandwidth (MB/s)
1                       9.16
2                      18.21
4                      35.93
8                      71.71
16                    144.43
32                    264.88
64                    561.72
128                   409.04
256                   777.80
512                  1448.75
1024                 2128.60
2048                 3252.99
4096                 4761.54
8192                 5825.95
16384                6151.79
32768                8775.53
65536               11203.02
131072              11959.50
262144              11313.96
524288              11187.53
1048576             11530.33
2097152             11846.66
4194304             11525.82
# OSU MPI Bandwidth Test v5.8
# Size      Bandwidth (MB/s)
1                       9.10
2                      17.69
4                      35.77
8                      71.62
16                    141.45
32                    263.34
64                    555.93
128                   415.37
256                   775.51
512                  1448.96
1024                 2146.52
2048                 3269.97
4096                 4758.15
8192                 5809.49
16384                6421.30
32768                9068.93
65536               11562.90
131072              12073.06
262144              11329.29
524288              11160.71
1048576             11508.58
2097152             11771.62
4194304             11655.00
