# OSU MPI Latency Test v5.8
# Size          Latency (us)
0                       0.16
1                       0.16
2                       0.16
4                       0.16
8                       0.16
16                      0.16
32                      0.20
64                      0.21
128                     0.33
256                     0.35
512                     0.38
1024                    0.46
2048                    0.60
4096                    0.92
8192                    1.58
16384                   2.87
32768                   4.68
65536                   7.96
131072                 16.47
262144                 24.35
524288                 47.30
1048576                90.68
2097152               179.32
4194304               769.30
# OSU MPI Latency Test v5.8
# Size          Latency (us)
0                       0.17
1                       0.17
2                       0.17
4                       0.17
8                       0.16
16                      0.16
32                      0.21
64                      0.21
128                     0.33
256                     0.35
512                     0.38
1024                    0.46
2048                    0.60
4096                    0.92
8192                    1.59
16384                   2.89
32768                   4.68
65536                   8.08
131072                 16.36
262144                 25.35
524288                 49.08
1048576                94.16
2097152               215.13
4194304               770.90
# OSU MPI Latency Test v5.8
# Size          Latency (us)
0                       0.16
1                       0.16
2                       0.16
4                       0.16
8                       0.16
16                      0.16
32                      0.20
64                      0.21
128                     0.33
256                     0.35
512                     0.38
1024                    0.46
2048                    0.60
4096                    0.92
8192                    1.58
16384                   2.88
32768                   4.71
65536                   7.98
131072                 16.36
262144                 24.38
524288                 47.94
1048576                91.56
2097152               182.50
4194304               766.99
# OSU MPI Latency Test v5.8
# Size          Latency (us)
0                       0.16
1                       0.16
2                       0.16
4                       0.16
8                       0.16
16                      0.16
32                      0.20
64                      0.21
128                     0.32
256                     0.35
512                     0.39
1024                    0.48
2048                    0.62
4096                    0.93
8192                    1.59
16384                   2.87
32768                   4.71
65536                   8.04
131072                 16.50
262144                 24.34
524288                 47.90
1048576                92.26
2097152               182.50
4194304               765.26
# OSU MPI Latency Test v5.8
# Size          Latency (us)
0                       0.16
1                       0.16
2                       0.16
4                       0.16
8                       0.16
16                      0.16
32                      0.21
64                      0.21
128                     0.33
256                     0.35
512                     0.39
1024                    0.46
2048                    0.61
4096                    0.93
8192                    1.62
16384                   2.92
32768                   4.75
65536                   8.19
131072                 16.65
262144                 24.64
524288                 48.03
1048576                92.36
2097152               181.17
4194304               773.88
# OSU MPI Latency Test v5.8
# Size          Latency (us)
0                       0.16
1                       0.16
2                       0.16
4                       0.16
8                       0.16
16                      0.16
32                      0.21
64                      0.21
128                     0.34
256                     0.36
512                     0.39
1024                    0.46
2048                    0.62
4096                    0.93
8192                    1.61
16384                   2.93
32768                   4.80
65536                   8.09
131072                 16.57
262144                 24.64
524288                 48.53
1048576                92.50
2097152               180.28
4194304               775.20
# OSU MPI Latency Test v5.8
# Size          Latency (us)
0                       0.16
1                       0.16
2                       0.16
4                       0.16
8                       0.16
16                      0.16
32                      0.20
64                      0.21
128                     0.33
256                     0.35
512                     0.39
1024                    0.46
2048                    0.61
4096                    0.93
8192                    1.62
16384                   2.94
32768                   4.76
65536                   8.08
131072                 16.50
262144                 24.54
524288                 48.03
1048576                92.52
2097152               186.52
4194304               769.50
# OSU MPI Latency Test v5.8
# Size          Latency (us)
0                       0.16
1                       0.16
2                       0.17
4                       0.16
8                       0.16
16                      0.16
32                      0.21
64                      0.21
128                     0.32
256                     0.35
512                     0.38
1024                    0.46
2048                    0.60
4096                    0.92
8192                    1.59
16384                   2.89
32768                   4.68
65536                   8.04
131072                 16.34
262144                 24.26
524288                 47.91
1048576                91.47
2097152               184.10
4194304               777.33
# OSU MPI Latency Test v5.8
# Size          Latency (us)
0                       0.16
1                       0.16
2                       0.16
4                       0.16
8                       0.16
16                      0.16
32                      0.20
64                      0.21
128                     0.33
256                     0.35
512                     0.38
1024                    0.45
2048                    0.60
4096                    0.92
8192                    1.59
16384                   2.88
32768                   4.69
65536                   8.01
131072                 16.38
262144                 24.17
524288                 47.02
1048576                91.33
2097152               180.89
4194304               765.82
# OSU MPI Latency Test v5.8
# Size          Latency (us)
0                       0.16
1                       0.16
2                       0.16
4                       0.16
8                       0.16
16                      0.16
32                      0.20
64                      0.21
128                     0.33
256                     0.35
512                     0.38
1024                    0.46
2048                    0.61
4096                    0.91
8192                    1.58
16384                   2.88
32768                   4.67
65536                   8.00
131072                 16.37
262144                 24.25
524288                 48.35
1048576                92.75
2097152               195.91
4194304               758.66
