# OSU MPI Latency Test v5.8
# Size          Latency (us)
0                       1.70
1                       1.67
2                       1.66
4                       1.65
8                       1.66
16                      1.65
32                      1.66
64                      1.80
128                     2.48
256                     2.64
512                     2.92
1024                    3.48
2048                    4.52
4096                    6.64
8192                    8.52
16384                  11.20
32768                  16.29
65536                  26.37
131072                 46.11
262144                 84.84
524288                161.40
1048576               315.88
2097152               624.75
4194304              1243.25
# OSU MPI Latency Test v5.8
# Size          Latency (us)
0                       1.69
1                       1.65
2                       1.66
4                       1.64
8                       1.65
16                      1.64
32                      1.66
64                      1.80
128                     2.47
256                     2.61
512                     2.90
1024                    3.46
2048                    4.50
4096                    6.61
8192                    8.47
16384                  11.14
32768                  16.23
65536                  26.32
131072                 45.99
262144                 83.99
524288                161.28
1048576               315.74
2097152               624.85
4194304              1243.27
# OSU MPI Latency Test v5.8
# Size          Latency (us)
0                       1.70
1                       1.66
2                       1.65
4                       1.64
8                       1.65
16                      1.65
32                      1.65
64                      1.79
128                     2.46
256                     2.61
512                     2.89
1024                    3.45
2048                    4.49
4096                    6.61
8192                    8.50
16384                  11.13
32768                  16.23
65536                  26.31
131072                 46.00
262144                 83.98
524288                161.27
1048576               315.71
2097152               624.60
4194304              1243.46
# OSU MPI Latency Test v5.8
# Size          Latency (us)
0                       1.70
1                       1.66
2                       1.66
4                       1.65
8                       1.65
16                      1.65
32                      1.66
64                      1.80
128                     2.47
256                     2.63
512                     2.90
1024                    3.45
2048                    4.50
4096                    6.61
8192                    8.48
16384                  11.16
32768                  16.24
65536                  26.28
131072                 45.97
262144                 83.97
524288                161.29
1048576               315.79
2097152               624.66
4194304              1242.74
# OSU MPI Latency Test v5.8
# Size          Latency (us)
0                       1.70
1                       1.66
2                       1.65
4                       1.64
8                       1.65
16                      1.64
32                      1.65
64                      1.79
128                     2.46
256                     2.61
512                     2.90
1024                    3.45
2048                    4.48
4096                    6.60
8192                    8.47
16384                  11.13
32768                  16.23
65536                  26.36
131072                 46.14
262144                 84.72
524288                161.27
1048576               315.70
2097152               624.57
4194304              1243.16
# OSU MPI Latency Test v5.8
# Size          Latency (us)
0                       1.69
1                       1.66
2                       1.64
4                       1.64
8                       1.64
16                      1.65
32                      1.66
64                      1.79
128                     2.47
256                     2.62
512                     2.90
1024                    3.45
2048                    4.50
4096                    6.63
8192                    8.48
16384                  11.21
32768                  16.24
65536                  26.33
131072                 45.92
262144                 84.61
524288                161.23
1048576               315.67
2097152               624.48
4194304              1243.71
# OSU MPI Latency Test v5.8
# Size          Latency (us)
0                       1.69
1                       1.66
2                       1.65
4                       1.65
8                       1.65
16                      1.65
32                      1.66
64                      1.80
128                     2.47
256                     2.65
512                     2.92
1024                    3.46
2048                    4.50
4096                    6.64
8192                    8.49
16384                  11.18
32768                  16.28
65536                  26.31
131072                 45.98
262144                 84.62
524288                161.19
1048576               315.64
2097152               624.48
4194304              1243.21
# OSU MPI Latency Test v5.8
# Size          Latency (us)
0                       1.69
1                       1.65
2                       1.65
4                       1.65
8                       1.65
16                      1.65
32                      1.65
64                      1.79
128                     2.48
256                     2.62
512                     2.91
1024                    3.46
2048                    4.50
4096                    6.61
8192                    8.48
16384                  11.17
32768                  16.24
65536                  26.31
131072                 45.99
262144                 84.64
524288                161.31
1048576               315.71
2097152               624.52
4194304              1243.21
# OSU MPI Latency Test v5.8
# Size          Latency (us)
0                       1.69
1                       1.67
2                       1.65
4                       1.64
8                       1.65
16                      1.65
32                      1.65
64                      1.80
128                     2.46
256                     2.62
512                     2.89
1024                    3.47
2048                    4.50
4096                    6.61
8192                    8.50
16384                  11.17
32768                  16.30
65536                  26.39
131072                 46.10
262144                 83.97
524288                161.27
1048576               315.72
2097152               624.57
4194304              1243.24
# OSU MPI Latency Test v5.8
# Size          Latency (us)
0                       1.68
1                       1.66
2                       1.65
4                       1.64
8                       1.64
16                      1.65
32                      1.65
64                      1.79
128                     2.46
256                     2.62
512                     2.90
1024                    3.45
2048                    4.50
4096                    6.61
8192                    8.48
16384                  11.14
32768                  16.22
65536                  26.31
131072                 46.02
262144                 84.65
524288                161.22
1048576               315.69
2097152               624.58
4194304              1243.17
