# OSU MPI Latency Test v5.8
# Size          Latency (us)
0                       0.33
1                       0.33
2                       0.33
4                       0.33
8                       0.33
16                      0.32
32                      0.50
64                      0.51
128                     0.72
256                     0.76
512                     0.81
1024                    0.97
2048                    1.23
4096                    1.64
8192                    2.68
16384                   4.34
32768                   7.29
65536                  13.63
131072                 26.74
262144                 24.83
524288                 48.30
1048576                92.54
2097152               179.40
4194304               378.84
# OSU MPI Latency Test v5.8
# Size          Latency (us)
0                       0.33
1                       0.33
2                       0.33
4                       0.33
8                       0.32
16                      0.32
32                      0.52
64                      0.51
128                     0.73
256                     0.76
512                     0.81
1024                    0.98
2048                    1.23
4096                    1.65
8192                    2.68
16384                   4.31
32768                   7.38
65536                  13.64
131072                 26.80
262144                 25.10
524288                 48.06
1048576                91.81
2097152               179.15
4194304               371.39
# OSU MPI Latency Test v5.8
# Size          Latency (us)
0                       0.33
1                       0.33
2                       0.33
4                       0.33
8                       0.33
16                      0.32
32                      0.51
64                      0.51
128                     0.72
256                     0.76
512                     0.82
1024                    0.97
2048                    1.23
4096                    1.64
8192                    2.61
16384                   4.33
32768                   7.27
65536                  13.78
131072                 26.69
262144                 24.69
524288                 48.40
1048576                92.28
2097152               179.80
4194304               375.86
# OSU MPI Latency Test v5.8
# Size          Latency (us)
0                       0.33
1                       0.34
2                       0.34
4                       0.33
8                       0.33
16                      0.33
32                      0.52
64                      0.51
128                     0.73
256                     0.76
512                     0.81
1024                    0.99
2048                    1.24
4096                    1.75
8192                    2.79
16384                   4.57
32768                   7.68
65536                  14.39
131072                 29.26
262144                 29.05
524288                 53.62
1048576                96.23
2097152               186.18
4194304               382.05
# OSU MPI Latency Test v5.8
# Size          Latency (us)
0                       0.33
1                       0.33
2                       0.33
4                       0.33
8                       0.32
16                      0.32
32                      0.50
64                      0.51
128                     0.72
256                     0.77
512                     0.81
1024                    0.98
2048                    1.22
4096                    1.65
8192                    2.62
16384                   4.31
32768                   7.28
65536                  13.47
131072                 26.68
262144                 24.73
524288                 48.18
1048576                91.90
2097152               178.67
4194304               359.24
# OSU MPI Latency Test v5.8
# Size          Latency (us)
0                       0.33
1                       0.33
2                       0.33
4                       0.33
8                       0.33
16                      0.32
32                      0.50
64                      0.50
128                     0.72
256                     0.76
512                     0.82
1024                    0.98
2048                    1.23
4096                    1.66
8192                    2.62
16384                   4.32
32768                   7.30
65536                  13.70
131072                 26.97
262144                 25.02
524288                 48.24
1048576                92.31
2097152               179.39
4194304               390.81
# OSU MPI Latency Test v5.8
# Size          Latency (us)
0                       0.32
1                       0.33
2                       0.32
4                       0.33
8                       0.32
16                      0.32
32                      0.52
64                      0.51
128                     0.73
256                     0.76
512                     0.81
1024                    0.98
2048                    1.24
4096                    1.65
8192                    2.62
16384                   4.25
32768                   7.25
65536                  13.43
131072                 26.53
262144                 24.45
524288                 47.36
1048576                90.49
2097152               176.76
4194304               378.17
# OSU MPI Latency Test v5.8
# Size          Latency (us)
0                       0.33
1                       0.33
2                       0.33
4                       0.33
8                       0.33
16                      0.33
32                      0.52
64                      0.56
128                     0.73
256                     0.76
512                     0.81
1024                    0.98
2048                    1.22
4096                    1.64
8192                    2.63
16384                   4.31
32768                   7.27
65536                  13.57
131072                 26.72
262144                 25.41
524288                 49.34
1048576                93.66
2097152               181.00
4194304               378.27
# OSU MPI Latency Test v5.8
# Size          Latency (us)
0                       0.33
1                       0.33
2                       0.33
4                       0.33
8                       0.32
16                      0.33
32                      0.52
64                      0.52
128                     0.73
256                     0.75
512                     0.81
1024                    0.97
2048                    1.23
4096                    1.69
8192                    2.69
16384                   4.32
32768                   7.25
65536                  13.43
131072                 26.78
262144                 24.47
524288                 47.77
1048576                91.60
2097152               178.48
4194304               377.90
# OSU MPI Latency Test v5.8
# Size          Latency (us)
0                       0.33
1                       0.33
2                       0.33
4                       0.33
8                       0.32
16                      0.32
32                      0.51
64                      0.51
128                     0.72
256                     0.76
512                     0.81
1024                    0.98
2048                    1.22
4096                    1.64
8192                    2.62
16384                   4.32
32768                   7.30
65536                  13.49
131072                 26.71
262144                 24.58
524288                 48.05
1048576                92.38
2097152               181.50
4194304               393.07
